2026-09-02 16:36:43,949 - aqt.helper - DEBUG - helper 139667470801856 Attempt to download checksum at https://download.qt.io/online/qtsdkrepository/all_os/android/qt6_6112/qt6_6112_arm64_v8a/Updates.xml.sha256
2026-09-02 16:36:46,233 - aqt.helper - DEBUG - helper 139667470801856 Attempt to download checksum at https://download.qt.io/online/qtsdkrepository/all_os/extensions/qtpdf/6112/android_arm64_v8a/Updates.xml.sha256
2026-09-02 16:36:47,218 - aqt.helper - DEBUG - helper 139667470801856 Attempt to download checksum at https://download.qt.io/online/qtsdkrepository/all_os/extensions/qtpdf/6112/android_arm64_v8a/Updates.xml.sha256
2026-09-02 16:36:48,082 - aqt.helper - DEBUG - helper 139667470801856 Attempt to download checksum at https://download.qt.io/online/qtsdkrepository/all_os/extensions/qtpdf/6112/android_arm64_v8a/Updates.xml.sha256
2026-09-02 16:36:49,060 - aqt.helper - DEBUG - helper 139667470801856 Attempt to download checksum at https://download.qt.io/online/qtsdkrepository/all_os/extensions/qtpdf/6112/android_arm64_v8a/Updates.xml.sha256
2026-09-02 16:36:50,102 - aqt.helper - DEBUG - helper 139667470801856 Attempt to download checksum at https://download.qt.io/online/qtsdkrepository/all_os/extensions/qtpdf/6112/android_arm64_v8a/Updates.xml.sha256
2026-09-02 16:36:51,042 - aqt.helper - DEBUG - helper 139667470801856 Attempt to download checksum at https://download.qt.io/online/qtsdkrepository/all_os/extensions/qtwebengine/6112/android_arm64_v8a/Updates.xml.sha256
2026-09-02 16:36:52,066 - aqt.helper - DEBUG - helper 139667470801856 Attempt to download checksum at https://download.qt.io/online/qtsdkrepository/all_os/extensions/qtwebengine/6112/android_arm64_v8a/Updates.xml.sha256
2026-09-02 16:36:53,101 - aqt.helper - DEBUG - helper 139667470801856 Attempt to download checksum at https://download.qt.io/online/qtsdkrepository/all_os/extensions/qtwebengine/6112/android_arm64_v8a/Updates.xml.sha256
2026-09-02 16:36:54,038 - aqt.helper - DEBUG - helper 139667470801856 Attempt to download checksum at https://download.qt.io/online/qtsdkrepository/all_os/extensions/qtwebengine/6112/android_arm64_v8a/Updates.xml.sha256
2026-09-02 16:36:55,035 - aqt.helper - DEBUG - helper 139667470801856 Attempt to download checksum at https://download.qt.io/online/qtsdkrepository/all_os/extensions/qtwebengine/6112/android_arm64_v8a/Updates.xml.sha256
2026-09-02 16:37:08,498 - aqt.main - INFO - installer 140224689642432 aqtinstall(aqt) v3.3.0 on Python 3.14.7 [CPython GCC 16.2.1 20260810]
2026-09-02 16:37:08,509 - aqt.main - WARNING - installer 140224689642432 You are installing the android version of Qt, which requires that the desktop version of Qt is also installed. You can install it with the following command:
          `aqt install-qt linux desktop 6.11.2 linux_gcc_64`
2026-09-02 16:37:08,509 - aqt.helper - DEBUG - helper 140224689642432 Attempt to download checksum at https://download.qt.io/online/qtsdkrepository/all_os/android/qt6_6112/qt6_6112_arm64_v8a/Updates.xml.sha256
2026-09-02 16:37:10,461 - aqt.helper - DEBUG - helper 140224689642432 Attempt to download checksum at https://download.qt.io/online/qtsdkrepository/all_os/extensions/qtwebengine/6112/android_arm64_v8a/Updates.xml.sha256
2026-09-02 16:37:11,435 - aqt.helper - DEBUG - helper 140224689642432 Attempt to download checksum at https://download.qt.io/online/qtsdkrepository/all_os/extensions/qtwebengine/6112/android_arm64_v8a/Updates.xml.sha256
2026-09-02 16:37:12,386 - aqt.helper - DEBUG - helper 140224689642432 Attempt to download checksum at https://download.qt.io/online/qtsdkrepository/all_os/extensions/qtwebengine/6112/android_arm64_v8a/Updates.xml.sha256
2026-09-02 16:37:13,229 - aqt.helper - DEBUG - helper 140224689642432 Attempt to download checksum at https://download.qt.io/online/qtsdkrepository/all_os/extensions/qtwebengine/6112/android_arm64_v8a/Updates.xml.sha256
2026-09-02 16:37:14,214 - aqt.helper - DEBUG - helper 140224689642432 Attempt to download checksum at https://download.qt.io/online/qtsdkrepository/all_os/extensions/qtwebengine/6112/android_arm64_v8a/Updates.xml.sha256
2026-09-02 16:37:15,095 - aqt.helper - DEBUG - helper 140224689642432 Attempt to download checksum at https://download.qt.io/online/qtsdkrepository/all_os/extensions/qtpdf/6112/android_arm64_v8a/Updates.xml.sha256
2026-09-02 16:37:16,080 - aqt.helper - DEBUG - helper 140224689642432 Attempt to download checksum at https://download.qt.io/online/qtsdkrepository/all_os/extensions/qtpdf/6112/android_arm64_v8a/Updates.xml.sha256
2026-09-02 16:37:16,941 - aqt.helper - DEBUG - helper 140224689642432 Attempt to download checksum at https://download.qt.io/online/qtsdkrepository/all_os/extensions/qtpdf/6112/android_arm64_v8a/Updates.xml.sha256
2026-09-02 16:37:17,794 - aqt.helper - DEBUG - helper 140224689642432 Attempt to download checksum at https://download.qt.io/online/qtsdkrepository/all_os/extensions/qtpdf/6112/android_arm64_v8a/Updates.xml.sha256
2026-09-02 16:37:18,632 - aqt.helper - DEBUG - helper 140224689642432 Attempt to download checksum at https://download.qt.io/online/qtsdkrepository/all_os/extensions/qtpdf/6112/android_arm64_v8a/Updates.xml.sha256
2026-09-02 16:37:20,362 - aqt.helper - DEBUG - helper 140693994568640 Attempt to download checksum at https://download.qt.io/online/qtsdkrepository/all_os/android/qt6_6112/qt6_6112_arm64_v8a/qt.qt6.6112.android_arm64_v8a/6.11.2-0-202608131018qtbase-MacOS-MacOS_14-Clang-Android-Android_ANY-ARM64.7z.sha256
2026-09-02 16:37:20,370 - aqt.helper - DEBUG - helper 139764318706624 Attempt to download checksum at https://download.qt.io/online/qtsdkrepository/all_os/android/qt6_6112/qt6_6112_arm64_v8a/qt.qt6.6112.android_arm64_v8a/6.11.2-0-202608131018qtsvg-MacOS-MacOS_14-Clang-Android-Android_ANY-ARM64.7z.sha256
2026-09-02 16:37:20,371 - aqt.helper - DEBUG - helper 140253712427968 Attempt to download checksum at https://download.qt.io/online/qtsdkrepository/all_os/android/qt6_6112/qt6_6112_arm64_v8a/qt.qt6.6112.addons.qtwebsockets.android_arm64_v8a/6.11.2-0-202608131018qtwebsockets-MacOS-MacOS_14-Clang-Android-Android_ANY-ARM64.7z.sha256
2026-09-02 16:37:20,409 - aqt.helper - DEBUG - helper 140501784087488 Attempt to download checksum at https://download.qt.io/online/qtsdkrepository/all_os/android/qt6_6112/qt6_6112_arm64_v8a/qt.qt6.6112.android_arm64_v8a/6.11.2-0-202608131018qtdeclarative-MacOS-MacOS_14-Clang-Android-Android_ANY-ARM64.7z.sha256
2026-09-02 16:37:21,204 - aqt.helper - INFO - helper 140693994568640 Downloading qtbase...
2026-09-02 16:37:21,204 - aqt.installer - DEBUG - installer 140693994568640 Download URL: https://download.qt.io/online/qtsdkrepository/all_os/android/qt6_6112/qt6_6112_arm64_v8a/qt.qt6.6112.android_arm64_v8a/6.11.2-0-202608131018qtbase-MacOS-MacOS_14-Clang-Android-Android_ANY-ARM64.7z
2026-09-02 16:37:21,210 - aqt.helper - INFO - helper 140253712427968 Downloading qtwebsockets...
2026-09-02 16:37:21,211 - aqt.installer - DEBUG - installer 140253712427968 Download URL: https://download.qt.io/online/qtsdkrepository/all_os/android/qt6_6112/qt6_6112_arm64_v8a/qt.qt6.6112.addons.qtwebsockets.android_arm64_v8a/6.11.2-0-202608131018qtwebsockets-MacOS-MacOS_14-Clang-Android-Android_ANY-ARM64.7z
2026-09-02 16:37:21,215 - aqt.helper - INFO - helper 139764318706624 Downloading qtsvg...
2026-09-02 16:37:21,216 - aqt.installer - DEBUG - installer 139764318706624 Download URL: https://download.qt.io/online/qtsdkrepository/all_os/android/qt6_6112/qt6_6112_arm64_v8a/qt.qt6.6112.android_arm64_v8a/6.11.2-0-202608131018qtsvg-MacOS-MacOS_14-Clang-Android-Android_ANY-ARM64.7z
2026-09-02 16:37:21,275 - aqt.helper - INFO - helper 140501784087488 Downloading qtdeclarative...
2026-09-02 16:37:21,276 - aqt.installer - DEBUG - installer 140501784087488 Download URL: https://download.qt.io/online/qtsdkrepository/all_os/android/qt6_6112/qt6_6112_arm64_v8a/qt.qt6.6112.android_arm64_v8a/6.11.2-0-202608131018qtdeclarative-MacOS-MacOS_14-Clang-Android-Android_ANY-ARM64.7z
2026-09-02 16:37:22,041 - aqt.helper - DEBUG - helper 140693994568640 Asked to redirect(302) to: https://qt.mirror.constant.com/online/qtsdkrepository/all_os/android/qt6_6112/qt6_6112_arm64_v8a/qt.qt6.6112.android_arm64_v8a/6.11.2-0-202608131018qtbase-MacOS-MacOS_14-Clang-Android-Android_ANY-ARM64.7z
2026-09-02 16:37:22,041 - aqt.helper - INFO - helper 140693994568640 Redirected: qt.mirror.constant.com
2026-09-02 16:37:22,204 - aqt.helper - DEBUG - helper 139764318706624 Asked to redirect(302) to: https://qt.mirror.constant.com/online/qtsdkrepository/all_os/android/qt6_6112/qt6_6112_arm64_v8a/qt.qt6.6112.android_arm64_v8a/6.11.2-0-202608131018qtsvg-MacOS-MacOS_14-Clang-Android-Android_ANY-ARM64.7z
2026-09-02 16:37:22,204 - aqt.helper - INFO - helper 139764318706624 Redirected: qt.mirror.constant.com
2026-09-02 16:37:22,301 - aqt.helper - DEBUG - helper 140253712427968 Asked to redirect(302) to: https://qt.mirror.constant.com/online/qtsdkrepository/all_os/android/qt6_6112/qt6_6112_arm64_v8a/qt.qt6.6112.addons.qtwebsockets.android_arm64_v8a/6.11.2-0-202608131018qtwebsockets-MacOS-MacOS_14-Clang-Android-Android_ANY-ARM64.7z
2026-09-02 16:37:22,301 - aqt.helper - INFO - helper 140253712427968 Redirected: qt.mirror.constant.com
2026-09-02 16:37:22,393 - aqt.helper - DEBUG - helper 140501784087488 Asked to redirect(302) to: https://qt.mirror.constant.com/online/qtsdkrepository/all_os/android/qt6_6112/qt6_6112_arm64_v8a/qt.qt6.6112.android_arm64_v8a/6.11.2-0-202608131018qtdeclarative-MacOS-MacOS_14-Clang-Android-Android_ANY-ARM64.7z
2026-09-02 16:37:22,394 - aqt.helper - INFO - helper 140501784087488 Redirected: qt.mirror.constant.com
2026-09-02 16:37:23,812 - aqt.installer - INFO - installer 140253712427968 Finished installation of qtwebsockets-MacOS-MacOS_14-Clang-Android-Android_ANY-ARM64.7z in 3.45951965
2026-09-02 16:37:23,831 - aqt.helper - DEBUG - helper 140253712427968 Attempt to download checksum at https://download.qt.io/online/qtsdkrepository/all_os/android/qt6_6112/qt6_6112_arm64_v8a/qt.qt6.6112.android_arm64_v8a/6.11.2-0-202608131018qtdoc-MacOS-MacOS_14-Clang-Android-Android_ANY-ARM64.7z.sha256
2026-09-02 16:37:23,896 - aqt.installer - INFO - installer 139764318706624 Finished installation of qtsvg-MacOS-MacOS_14-Clang-Android-Android_ANY-ARM64.7z in 3.53202840
2026-09-02 16:37:23,936 - aqt.helper - DEBUG - helper 139764318706624 Attempt to download checksum at https://download.qt.io/online/qtsdkrepository/all_os/android/qt6_6112/qt6_6112_arm64_v8a/qt.qt6.6112.android_arm64_v8a/6.11.2-0-202608131018qttools-MacOS-MacOS_14-Clang-Android-Android_ANY-ARM64.7z.sha256
2026-09-02 16:37:24,668 - aqt.helper - INFO - helper 140253712427968 Downloading qtdoc...
2026-09-02 16:37:24,669 - aqt.installer - DEBUG - installer 140253712427968 Download URL: https://download.qt.io/online/qtsdkrepository/all_os/android/qt6_6112/qt6_6112_arm64_v8a/qt.qt6.6112.android_arm64_v8a/6.11.2-0-202608131018qtdoc-MacOS-MacOS_14-Clang-Android-Android_ANY-ARM64.7z
2026-09-02 16:37:24,789 - aqt.helper - INFO - helper 139764318706624 Downloading qttools...
2026-09-02 16:37:24,789 - aqt.installer - DEBUG - installer 139764318706624 Download URL: https://download.qt.io/online/qtsdkrepository/all_os/android/qt6_6112/qt6_6112_arm64_v8a/qt.qt6.6112.android_arm64_v8a/6.11.2-0-202608131018qttools-MacOS-MacOS_14-Clang-Android-Android_ANY-ARM64.7z
2026-09-02 16:37:25,780 - aqt.helper - DEBUG - helper 140253712427968 Asked to redirect(302) to: https://qt.mirror.constant.com/online/qtsdkrepository/all_os/android/qt6_6112/qt6_6112_arm64_v8a/qt.qt6.6112.android_arm64_v8a/6.11.2-0-202608131018qtdoc-MacOS-MacOS_14-Clang-Android-Android_ANY-ARM64.7z
2026-09-02 16:37:25,780 - aqt.helper - INFO - helper 140253712427968 Redirected: qt.mirror.constant.com
2026-09-02 16:37:25,783 - aqt.helper - DEBUG - helper 139764318706624 Asked to redirect(302) to: https://qt.mirror.constant.com/online/qtsdkrepository/all_os/android/qt6_6112/qt6_6112_arm64_v8a/qt.qt6.6112.android_arm64_v8a/6.11.2-0-202608131018qttools-MacOS-MacOS_14-Clang-Android-Android_ANY-ARM64.7z
2026-09-02 16:37:25,783 - aqt.helper - INFO - helper 139764318706624 Redirected: qt.mirror.constant.com
2026-09-02 16:37:27,758 - aqt.installer - INFO - installer 140253712427968 Finished installation of qtdoc-MacOS-MacOS_14-Clang-Android-Android_ANY-ARM64.7z in 3.92931242
2026-09-02 16:37:27,780 - aqt.helper - DEBUG - helper 140253712427968 Attempt to download checksum at https://download.qt.io/online/qtsdkrepository/all_os/android/qt6_6112/qt6_6112_arm64_v8a/qt.qt6.6112.android_arm64_v8a/6.11.2-0-202608131018qttranslations-MacOS-MacOS_14-Clang-Android-Android_ANY-ARM64.7z.sha256
2026-09-02 16:37:28,441 - aqt.installer - INFO - installer 139764318706624 Finished installation of qttools-MacOS-MacOS_14-Clang-Android-Android_ANY-ARM64.7z in 4.51095174
2026-09-02 16:37:28,620 - aqt.helper - INFO - helper 140253712427968 Downloading qttranslations...
2026-09-02 16:37:28,620 - aqt.installer - DEBUG - installer 140253712427968 Download URL: https://download.qt.io/online/qtsdkrepository/all_os/android/qt6_6112/qt6_6112_arm64_v8a/qt.qt6.6112.android_arm64_v8a/6.11.2-0-202608131018qttranslations-MacOS-MacOS_14-Clang-Android-Android_ANY-ARM64.7z
2026-09-02 16:37:29,102 - aqt.installer - INFO - installer 140693994568640 Finished installation of qtbase-MacOS-MacOS_14-Clang-Android-Android_ANY-ARM64.7z in 8.74247021
2026-09-02 16:37:29,608 - aqt.helper - DEBUG - helper 140253712427968 Asked to redirect(302) to: https://qt.mirror.constant.com/online/qtsdkrepository/all_os/android/qt6_6112/qt6_6112_arm64_v8a/qt.qt6.6112.android_arm64_v8a/6.11.2-0-202608131018qttranslations-MacOS-MacOS_14-Clang-Android-Android_ANY-ARM64.7z
2026-09-02 16:37:29,609 - aqt.helper - INFO - helper 140253712427968 Redirected: qt.mirror.constant.com
2026-09-02 16:37:32,139 - aqt.installer - INFO - installer 140253712427968 Finished installation of qttranslations-MacOS-MacOS_14-Clang-Android-Android_ANY-ARM64.7z in 4.36121397
2026-09-02 16:37:32,236 - aqt.installer - INFO - installer 140501784087488 Finished installation of qtdeclarative-MacOS-MacOS_14-Clang-Android-Android_ANY-ARM64.7z in 11.82928007
2026-09-02 16:37:32,347 - aqt.updater - INFO - updater 140224689642432 Patching /home/satoshoe/Qt/6.11.2/android_arm64_v8a/bin/qmake
2026-09-02 16:37:32,348 - aqt.updater - INFO - updater 140224689642432 Patching /home/satoshoe/Qt/6.11.2/android_arm64_v8a/bin/qtpaths
2026-09-02 16:37:32,350 - aqt.updater - INFO - updater 140224689642432 Patching /home/satoshoe/Qt/6.11.2/android_arm64_v8a/bin/qmake6
2026-09-02 16:37:32,351 - aqt.updater - INFO - updater 140224689642432 Patching /home/satoshoe/Qt/6.11.2/android_arm64_v8a/bin/qtpaths6
2026-09-02 16:37:32,352 - aqt.updater - INFO - updater 140224689642432 Patching /home/satoshoe/Qt/6.11.2/android_arm64_v8a/bin/target_qt.conf
2026-09-02 16:37:32,354 - aqt.main - INFO - installer 140224689642432 Finished installation
2026-09-02 16:37:32,354 - aqt.main - INFO - installer 140224689642432 Time elapsed: 23.85648046 second
